src/components/Header.tsx(2,10): error TS6133: 'Sparkles' is declared but its value is never read.
src/components/Header.tsx(2,20): error TS6133: 'ArrowRight' is declared but its value is never read.
src/components/Sidebar.tsx(1,1): error TS6133: 'useState' is declared but its value is never read.
src/components/Sidebar.tsx(9,5): error TS6133: 'Sparkles' is declared but its value is never read.
src/components/Sidebar.tsx(10,5): error TS6133: 'Search' is declared but its value is never read.
src/components/Sidebar.tsx(11,5): error TS6133: 'ChevronLeft' is declared but its value is never read.
src/components/Sidebar.tsx(14,5): error TS6133: 'Plus' is declared but its value is never read.
src/pages/Analytics.tsx(1,1): error TS6133: 'useState' is declared but its value is never read.
src/pages/Analytics.tsx(3,5): error TS6133: 'BarChart3' is declared but its value is never read.
src/pages/Analytics.tsx(6,5): error TS6133: 'TrendingUp' is declared but its value is never read.
src/pages/Analytics.tsx(8,5): error TS6133: 'ChevronRight' is declared but its value is never read.
src/pages/Dashboard.tsx(4,5): error TS6133: 'Target' is declared but its value is never read.
src/pages/Dashboard.tsx(5,5): error TS6133: 'Zap' is declared but its value is never read.
src/pages/LandingPage.tsx(6,5): error TS6133: 'Sparkles' is declared but its value is never read.
src/pages/ListeningPractice.tsx(7,5): error TS6133: 'Clock' is declared but its value is never read.
src/pages/ListeningPractice.tsx(10,5): error TS6133: 'Sparkles' is declared but its value is never read.
src/pages/Rules.tsx(11,5): error TS6133: 'FileText' is declared but its value is never read.
src/pages/SpeakingPractice.tsx(1,20): error TS6133: 'useRef' is declared but its value is never read.
src/pages/SpeakingPractice.tsx(6,5): error TS6133: 'Sparkles' is declared but its value is never read.
src/pages/SpeakingPractice.tsx(7,5): error TS6133: 'AlertCircle' is declared but its value is never read.
src/pages/SpeakingPractice.tsx(8,5): error TS6133: 'Clock' is declared but its value is never read.
src/pages/WritingPractice.tsx(5,5): error TS6133: 'Award' is declared but its value is never read.
src/pages/WritingPractice.tsx(8,5): error TS6133: 'CheckCircle2' is declared but its value is never read.
src/pages/WritingPractice.tsx(19,22): error TS6133: 'setTimeLeft' is declared but its value is never read.
